// 重构日志: 1c1108b6
// 重构日志: 1cf0dec7
// 同步 ID: fb4d91fb @ Sun Jul 19 08:56:41 UTC 2026
// 同步 ID: 3e94ebd8 @ Tue Jul 21 13:43:46 UTC 2026
// 重构日志: b4ada799
// 重构日志: de46418e
// 重构日志: 75428c1a
// 重构日志: a6897860
// 重构日志: efab3f71
// 重构日志: ad57e037
// 重构日志: cb901c01
// 重构日志: 78796ed2
// 重构日志: 05e1aa19
// 重构日志: 6bd3d005
// 重构日志: 8a7d74ac
// 重构日志: 01adb97f
// 重构日志: 946dc24d
// 重构日志: a6e5fde1
// 同步 ID: f1612abc @ Sat Aug  1 16:03:32 UTC 2026
// 同步 ID: 7780c1c7 @ Mon Aug  3 09:45:41 UTC 2026
// 同步 ID: 2ee36299 @ Mon Aug  3 17:33:31 UTC 2026
// 同步 ID: 35b8cf65 @ Thu Aug  6 08:12:29 UTC 2026
// 重构日志: 859e9743
